// Jest Snapshot v1, https://goo.gl/fbAQLP

exports[`Lego-Button renders correctly 1`] = `
<View
  accessibilityState={
    {
      "busy": undefined,
      "checked": undefined,
      "disabled": undefined,
      "expanded": undefined,
      "selected": undefined,
    }
  }
  accessibilityValue={
    {
      "max": undefined,
      "min": undefined,
      "now": undefined,
      "text": undefined,
    }
  }
  accessible={true}
  collapsable={false}
  focusable={true}
  onBlur={[Function]}
  onClick={[Function]}
  onFocus={[Function]}
  onResponderGrant={[Function]}
  onResponderMove={[Function]}
  onResponderRelease={[Function]}
  onResponderTerminate={[Function]}
  onResponderTerminationRequest={[Function]}
  onStartShouldSetResponder={[Function]}
>
  <View
    collapsable={false}
    jestAnimatedStyle={
      {
        "value": {
          "alignItems": "center",
          "backgroundColor": "#E5A000",
          "borderBottomStartRadius": 10,
          "borderBottomWidth": 5,
          "borderColor": "#AA7700",
          "borderRadius": 8,
          "borderTopWidth": 0,
          "height": 50,
          "justifyContent": "center",
          "margin": 10,
          "maxWidth": 250,
          "minWidth": 160,
          "shadowColor": "black",
          "shadowOffset": {
            "height": 5,
            "width": 2,
          },
          "shadowOpacity": 0.1,
        },
      }
    }
    style={
      {
        "alignItems": "center",
        "backgroundColor": "#E5A000",
        "borderBottomStartRadius": 10,
        "borderBottomWidth": 5,
        "borderColor": "#AA7700",
        "borderRadius": 8,
        "borderTopWidth": 0,
        "height": 50,
        "justifyContent": "center",
        "margin": 10,
        "maxWidth": 250,
        "minWidth": 160,
        "shadowColor": "black",
        "shadowOffset": {
          "height": 5,
          "width": 2,
        },
        "shadowOpacity": 0.1,
      }
    }
  >
    <View
      style={
        {
          "backgroundColor": "#FFB200",
          "borderBottomWidth": 1,
          "borderColor": "#AA7700",
          "borderRadius": 50,
          "borderRightWidth": 1,
          "elevation": 4,
          "height": 14,
          "left": 4,
          "position": "absolute",
          "shadowColor": "black",
          "shadowOffset": {
            "height": 1,
            "width": 1,
          },
          "shadowOpacity": 0.3,
          "top": 4,
          "width": 14,
          "zIndex": 50,
        }
      }
    />
    <View
      style={
        {
          "backgroundColor": "#FFB200",
          "borderBottomWidth": 1,
          "borderColor": "#AA7700",
          "borderRadius": 50,
          "borderRightWidth": 1,
          "bottom": 4,
          "elevation": 4,
          "height": 14,
          "left": 4,
          "position": "absolute",
          "shadowColor": "black",
          "shadowOffset": {
            "height": 1,
            "width": 1,
          },
          "shadowOpacity": 0.3,
          "width": 14,
          "zIndex": 50,
        }
      }
    />
    <Text
      style={
        {
          "color": "white",
          "fontFamily": "SpaceMono",
          "fontSize": 13,
          "lineHeight": 32,
        }
      }
    >
      this is a title
    </Text>
    <View
      style={
        {
          "backgroundColor": "#FFB200",
          "borderBottomWidth": 1,
          "borderColor": "#AA7700",
          "borderRadius": 50,
          "borderRightWidth": 1,
          "elevation": 4,
          "height": 14,
          "position": "absolute",
          "right": 4,
          "shadowColor": "black",
          "shadowOffset": {
            "height": 1,
            "width": 1,
          },
          "shadowOpacity": 0.3,
          "top": 4,
          "width": 14,
          "zIndex": 50,
        }
      }
    />
    <View
      style={
        {
          "backgroundColor": "#FFB200",
          "borderBottomWidth": 1,
          "borderColor": "#AA7700",
          "borderRadius": 50,
          "borderRightWidth": 1,
          "bottom": 4,
          "elevation": 4,
          "height": 14,
          "position": "absolute",
          "right": 4,
          "shadowColor": "black",
          "shadowOffset": {
            "height": 1,
            "width": 1,
          },
          "shadowOpacity": 0.3,
          "width": 14,
          "zIndex": 50,
        }
      }
    />
  </View>
</View>
`;
